{
'project:custom/puppet/dependencies/no-dependencies/metadata.json':[
0,
],
'project:custom/puppet/deprecated-keys/metadata.json':[
0,
],
'project:custom/puppet/license/no-license/metadata.json':[
0,
],
'project:custom/puppet/required-keys/empty-file/metadata.json':[
0,
],
'project:custom/puppet/required-keys/missing-keys/metadata.json':[
0,
],
}
