{
'project:custom/noNewLineEndOfFile.json':[
0,
],
'project:custom/puppet/author/custom/metadata.json':[
0,
],
'project:custom/puppet/author/default-issue/metadata.json':[
0,
],
'project:custom/puppet/author/default/metadata.json':[
0,
],
'project:custom/puppet/author/not-metadata-json-file/notmetadata.json':[
0,
],
'project:custom/puppet/dependencies/duplicated-dependencies/metadata.json':[
0,
],
'project:custom/puppet/dependencies/invalid-dependencies/metadata.json':[
0,
],
'project:custom/puppet/dependencies/no-dependencies/metadata.json':[
0,
],
'project:custom/puppet/dependencies/not-metadata-json-file/notmetadata.json':[
0,
],
'project:custom/puppet/dependencies/valid-dependencies/metadata.json':[
0,
],
'project:custom/puppet/deprecated-keys/metadata.json':[
0,
],
'project:custom/puppet/deprecated-keys/notmetadata.json':[
0,
],
'project:custom/puppet/license/invalid/metadata.json':[
0,
],
'project:custom/puppet/license/match-required-value-custom/metadata.json':[
0,
],
'project:custom/puppet/license/match-required-value/metadata.json':[
0,
],
'project:custom/puppet/license/no-license/metadata.json':[
0,
],
'project:custom/puppet/license/not-metadata-json-file/notmetadata.json':[
0,
],
'project:custom/puppet/license/two-licenses/metadata.json':[
0,
],
'project:custom/puppet/license/valid-proprietary/metadata.json':[
0,
],
'project:custom/puppet/license/valid-spdx/metadata.json':[
0,
],
'project:custom/puppet/required-keys/empty-file/metadata.json':[
0,
],
'project:custom/puppet/required-keys/missing-keys/metadata.json':[
0,
],
'project:custom/puppet/required-keys/no-missing-keys/metadata.json':[
0,
],
'project:custom/puppet/required-keys/not-metadata-json-file/notmetadata.json':[
0,
],
'project:custom/puppet/version/metadata.json':[
0,
],
'project:custom/puppet/version/notmetadata.json':[
0,
],
}
