{
'project:custom/puppet/license/invalid/metadata.json':[
5,
],
'project:custom/puppet/license/match-required-value-custom/metadata.json':[
5,
],
'project:custom/puppet/license/match-required-value/metadata.json':[
5,
6,
],
}
