{
'project:custom/puppet/version/metadata.json':[
4,
5,
6,
7,
],
}
