{
'project:custom/puppet/deprecated-keys/metadata.json':[
4,
5,
6,
],
}
