{
'project:custom/puppet/author/custom/metadata.json':[
4,
],
'project:custom/puppet/author/default-issue/metadata.json':[
4,
5,
],
'project:custom/puppet/dependencies/duplicated-dependencies/metadata.json':[
4,
],
'project:custom/puppet/dependencies/invalid-dependencies/metadata.json':[
4,
],
'project:custom/puppet/dependencies/no-dependencies/metadata.json':[
4,
],
'project:custom/puppet/dependencies/valid-dependencies/metadata.json':[
4,
],
'project:custom/puppet/license/invalid/metadata.json':[
4,
],
'project:custom/puppet/license/match-required-value-custom/metadata.json':[
4,
],
'project:custom/puppet/license/match-required-value/metadata.json':[
4,
],
'project:custom/puppet/license/no-license/metadata.json':[
4,
],
'project:custom/puppet/license/two-licenses/metadata.json':[
4,
],
'project:custom/puppet/license/valid-proprietary/metadata.json':[
4,
],
'project:custom/puppet/license/valid-spdx/metadata.json':[
4,
],
'project:custom/puppet/required-keys/no-missing-keys/metadata.json':[
4,
],
'project:custom/puppet/version/metadata.json':[
8,
],
}
